Starting loan balance: Annual interest rate: Monthly payment: 
Month	Balance
1	996.00
2	992.00
3	988.00
4	984.00
5	980.00
6	976.00
7	972.00
8	968.00
9	964.00
10	960.00
11	956.00
12	952.00
