Starting loan balance: Annual interest rate: Monthly payment: 
Month	Balance
1	-4.00
