Starting loan balance: Annual interest rate: Monthly payment: 
Month	Balance
1	-399.56
