Starting loan balance: Annual interest rate: Monthly payment: 
Month	Balance
1	1000.83
2	1001.67
3	1002.50
4	1003.34
5	1004.17
6	1005.01
7	1005.85
8	1006.69
9	1007.53
10	1008.36
11	1009.20
12	1010.05
13	1010.89
14	1011.73
15	1012.57
16	1013.42
17	1014.26
18	1015.11
19	1015.95
20	1016.80
21	1017.65
22	1018.49
23	1019.34
24	1020.19
25	1021.04
26	1021.89
27	1022.75
28	1023.60
29	1024.45
30	1025.30
31	1026.16
32	1027.01
33	1027.87
34	1028.73
35	1029.58
36	1030.44
37	1031.30
38	1032.16
39	1033.02
40	1033.88
41	1034.74
42	1035.60
43	1036.47
44	1037.33
45	1038.20
46	1039.06
47	1039.93
48	1040.79
49	1041.66
50	1042.53
51	1043.40
52	1044.27
53	1045.14
54	1046.01
55	1046.88
56	1047.75
57	1048.63
58	1049.50
59	1050.37
60	1051.25
