Starting loan balance: Annual interest rate: Monthly payment: 
Month	Balance
1	9543.75
2	9085.50
3	8625.25
4	8162.99
5	7698.70
6	7232.38
7	6764.03
8	6293.62
9	5821.15
10	5346.62
11	4870.01
12	4391.32
