Starting loan balance: Annual interest rate: Monthly payment: 
Month	Balance
1	1000.83
2	1001.67
3	1002.50
4	1003.34
5	1004.17
6	1005.01
7	1005.85
8	1006.69
9	1007.53
10	1008.36
11	1009.20
12	1010.05
