Starting loan balance: Annual interest rate: Monthly payment: 
Month	Balance
1	95.44
2	90.86
3	86.25
4	81.63
5	76.99
6	72.32
7	67.64
8	62.94
9	58.21
10	53.47
11	48.70
12	43.91
