Starting loan balance: Annual interest rate: Monthly payment: 
Month	Balance
1	996.83
2	993.66
3	990.49
4	987.32
5	984.14
6	980.96
7	977.78
8	974.59
9	971.40
10	968.21
11	965.02
12	961.83
