Starting loan balance: Annual interest rate: Monthly payment: 
Month	Balance
1	9993.75
2	9987.47
3	9981.17
4	9974.84
5	9968.48
6	9962.09
7	9955.67
8	9949.23
9	9942.76
10	9936.26
11	9929.73
12	9923.17
